exports[`test renders correctly 1`] = `
<RCTScrollView>
  <View>
    <View
      style={
        Object {
          "alignItems": "center",
          "backgroundColor": "#F5FCFF",
          "flex": 1,
          "justifyContent": "center",
          "padding": 5,
        }
      }>
      <Text
        accessible={true}
        allowFontScaling={true}
        ellipsizeMode="tail"
        style={
          Object {
            "color": "black",
            "fontFamily": "sans-serif-thin",
            "fontSize": 40,
            "margin": 10,
            "textAlign": "center",
          }
        }>
        Searcher
      </Text>
      <View
        style={
          Object {
            "padding": 5,
          }
        }>
        <Image
          source={1}
          style={
            Object {
              "height": 50,
              "width": 50,
            }
          } />
      </View>
      <View
        style={
          Object {
            "alignItems": "center",
            "backgroundColor": "#F5FCFF",
            "flex": 1,
            "justifyContent": "center",
            "padding": 5,
          }
        }>
        <TextInput
          onChangeText={[Function]}
          onSubmitEditing={[Function]}
          style={
            Object {
              "borderColor": "grey",
              "borderWidth": 1,
              "height": 40,
              "padding": 10,
              "width": 200,
            }
          }
          underlineColorAndroid="transparent"
          value="" />
      </View>
      <View>
        <Image
          source={
            Object {
              "uri": undefined,
            }
          }
          style={
            Object {
              "height": 222,
              "padding": 5,
              "width": 150,
            }
          } />
      </View>
      <Text
        accessible={true}
        allowFontScaling={true}
        ellipsizeMode="tail"
        style={
          Object {
            "color": "black",
            "fontFamily": "sans-serif-thin",
            "marginBottom": 5,
            "padding": 5,
            "textAlign": "center",
          }
        } />
    </View>
  </View>
</RCTScrollView>
`;
